regular task init()
regular task user1_hw1(init/fu)
regular task user1_hw2(user1_hw1/fu)
regular task user1_hw3(user1_hw2/fu)
regular task user1_hw4(user1_hw3/fu)
regular task user1_hw5(user1_hw4/fu)
regular task user1_hw6(user1_hw5/fu)
regular task user1_hw7(user1_hw6/fu)
regular task user2_hw1(init/fu)
regular task user2_hw2(user2_hw1/fu)
regular task user2_hw3(user2_hw2/fu)
regular task user2_hw4(user2_hw3/fu)
regular task user2_hw5(user2_hw4/fu)
regular task user2_hw6(user2_hw5/fu)
regular task user2_hw7(user2_hw6/fu)
regular task user3_hw1(init/fu)
regular task user3_hw2(user3_hw1/fu)
regular task user3_hw3(user3_hw2/fu)
regular task user3_hw4(user3_hw3/fu)
regular task user3_hw5(user3_hw4/fu)
regular task user3_hw6(user3_hw5/fu)
regular task user3_hw7(user3_hw6/fu)
dummy task d_finish(user1_hw7/fu & user2_hw7/fu)
regular task user4_hw1(d_finish/f)
regular task user4_hw2(d_finish/f)
regular task user4_hw3(d_finish/f)
regular task user4_hw4(d_finish/f)
regular task user4_hw5(d_finish/f)
regular task user4_hw6(d_finish/f)
regular task user4_hw7(d_finish/f)
regular task user4_hw8(d_finish/f)
regular task user4_hw9(d_finish/f)
regular task user4_hw10(d_finish/f)
regular task user4_hw11(d_finish/f)
regular task user4_hw12(d_finish/f)
regular task user4_hw13(d_finish/f)
regular task user4_hw14(d_finish/f)
regular task user4_hw15(d_finish/f)
regular task user4_hw16(d_finish/f)
regular task user4_hw17(user4_hw16/fu)
regular task user4_hw18(user4_hw16/fu)
regular task user4_hw19(user4_hw16/fu)
regular task user4_hw20(user4_hw16/fu)
regular task user4_hw21(user4_hw16/fu)
regular task user4_hw22(user4_hw16/fu)
regular task user4_hw23(user4_hw16/fu)
regular task user4_hw24(user4_hw16/fu)
regular task user4_hw25(user4_hw16/fu)
regular task user4_hw26(user4_hw16/fu)
regular task user4_hw27(user4_hw16/fu)
regular task user4_hw28(user4_hw16/fu)
regular task user4_hw29(user4_hw16/fu)
regular task user4_hw30(user4_hw16/fu)
regular task user4_hw31(user4_hw16/fu)
regular task user4_hw32(user4_hw16/fu)
regular task user4_hw33(user4_hw16/fu)
regular task user4_hw34(user4_hw16/fu)
regular task user4_hw35(user4_hw16/fu)
regular task user4_hw36(user4_hw16/fu)
regular task user4_hw37(user4_hw16/fu)
regular task user4_hw38(user4_hw16/fu)
regular task user4_hw39(user4_hw16/fu)
regular task finish(user4_hw39/fu & user4_hw38/fu)
